{"label": "cold-continue", "hardware_frame": 202, "status": {"game_state": 1, "room": 46, "px": 80, "py": 272, "hp": 7, "chapter_flags": 15, "camera_x": 0, "camera_y": 160, "save_failed": 0, "checkpoint_spawn": 2, "spirit": 37, "summoned": 0, "ability_cd": 0, "roll_cd": 0}, "retained_individuals": 50, "obtained_history": 89, "lowest_overwritten_word_address": "0x3007b4c", "observed_overwritten_extent_bytes": 948, "changed_word_bytes": 928, "unmodified_prefix_bytes": 2892, "bottom_64_bytes_intact": true, "true_minimum_sp": "not measured"}
{"label": "journal-tab-0", "hardware_frame": 298, "status": {"game_state": 3, "room": 46, "px": 80, "py": 272, "hp": 7, "chapter_flags": 15, "camera_x": 0, "camera_y": 160, "save_failed": 0, "checkpoint_spawn": 2, "spirit": 37, "summoned": 0, "ability_cd": 0, "roll_cd": 0}, "retained_individuals": 50, "obtained_history": 89, "lowest_overwritten_word_address": "0x3007b4c", "observed_overwritten_extent_bytes": 948, "changed_word_bytes": 928, "unmodified_prefix_bytes": 2892, "bottom_64_bytes_intact": true, "true_minimum_sp": "not measured"}
{"label": "journal-tab-1", "hardware_frame": 406, "status": {"game_state": 3, "room": 46, "px": 80, "py": 272, "hp": 7, "chapter_flags": 15, "camera_x": 0, "camera_y": 160, "save_failed": 0, "checkpoint_spawn": 2, "spirit": 37, "summoned": 0, "ability_cd": 0, "roll_cd": 0}, "retained_individuals": 50, "obtained_history": 89, "lowest_overwritten_word_address": "0x3007b4c", "observed_overwritten_extent_bytes": 948, "changed_word_bytes": 928, "unmodified_prefix_bytes": 2892, "bottom_64_bytes_intact": true, "true_minimum_sp": "not measured"}
{"label": "journal-tab-2", "hardware_frame": 520, "status": {"game_state": 3, "room": 46, "px": 80, "py": 272, "hp": 7, "chapter_flags": 15, "camera_x": 0, "camera_y": 160, "save_failed": 0, "checkpoint_spawn": 2, "spirit": 37, "summoned": 0, "ability_cd": 0, "roll_cd": 0}, "retained_individuals": 50, "obtained_history": 89, "lowest_overwritten_word_address": "0x3007b4c", "observed_overwritten_extent_bytes": 948, "changed_word_bytes": 928, "unmodified_prefix_bytes": 2892, "bottom_64_bytes_intact": true, "true_minimum_sp": "not measured"}
{"label": "journal-tab-3", "hardware_frame": 640, "status": {"game_state": 3, "room": 46, "px": 80, "py": 272, "hp": 7, "chapter_flags": 15, "camera_x": 0, "camera_y": 160, "save_failed": 0, "checkpoint_spawn": 2, "spirit": 37, "summoned": 0, "ability_cd": 0, "roll_cd": 0}, "retained_individuals": 50, "obtained_history": 89, "lowest_overwritten_word_address": "0x3007b4c", "observed_overwritten_extent_bytes": 948, "changed_word_bytes": 928, "unmodified_prefix_bytes": 2892, "bottom_64_bytes_intact": true, "true_minimum_sp": "not measured"}
{"label": "journal-tab-4", "hardware_frame": 766, "status": {"game_state": 3, "room": 46, "px": 80, "py": 272, "hp": 7, "chapter_flags": 15, "camera_x": 0, "camera_y": 160, "save_failed": 0, "checkpoint_spawn": 2, "spirit": 37, "summoned": 0, "ability_cd": 0, "roll_cd": 0}, "retained_individuals": 50, "obtained_history": 89, "lowest_overwritten_word_address": "0x3007b4c", "observed_overwritten_extent_bytes": 948, "changed_word_bytes": 928, "unmodified_prefix_bytes": 2892, "bottom_64_bytes_intact": true, "true_minimum_sp": "not measured"}
{"label": "checkpoint-save-transaction", "hardware_frame": 866, "status": {"game_state": 1, "room": 46, "px": 80, "py": 269, "hp": 7, "chapter_flags": 15, "camera_x": 0, "camera_y": 160, "save_failed": 0, "checkpoint_spawn": 2, "spirit": 37, "summoned": 0, "ability_cd": 0, "roll_cd": 0}, "retained_individuals": 50, "obtained_history": 89, "lowest_overwritten_word_address": "0x3007b4c", "observed_overwritten_extent_bytes": 948, "changed_word_bytes": 928, "unmodified_prefix_bytes": 2892, "bottom_64_bytes_intact": true, "true_minimum_sp": "not measured"}
{"label": "failure", "hardware_frame": 1480, "status": {"game_state": 1, "room": 46, "px": 175, "py": 182, "hp": 7, "chapter_flags": 15, "camera_x": 55, "camera_y": 102, "save_failed": 0, "checkpoint_spawn": 2, "spirit": 30, "summoned": 1, "ability_cd": 2, "roll_cd": 0}, "retained_individuals": 50, "obtained_history": 89, "lowest_overwritten_word_address": "0x3007b4c", "observed_overwritten_extent_bytes": 948, "changed_word_bytes": 928, "unmodified_prefix_bytes": 2892, "bottom_64_bytes_intact": true, "true_minimum_sp": "not measured"}
Traceback (most recent call last):
  File "/workspace/scratch/33ed39a77941/adventure-legends-underwater/docs/underwater-memory/observe_stack.py", line 105, in <module>
    if __name__=='__main__':main()
                            ^^^^^^
  File "/workspace/scratch/33ed39a77941/adventure-legends-underwater/docs/underwater-memory/observe_stack.py", line 93, in main
    r.cast_position(cast_form,176,184,1,67+cast_form-49,'diagnostic-real-cast');r.observe('real-field-cast')
    ^^^^^^^^^^^^^^^^^^^^^^^^^^^^^^^^^^^^^^^^^^^^^^^^^^^^^^^^^^^^^^^^^^^^^^^^^^^
  File "/workspace/scratch/33ed39a77941/adventure-legends-underwater/tests/underwater_journey.py", line 128, in cast_position
    self.cadence(label or f'cast-form{form}-area{self.get("room")}',120,lambda n:'R' if n==0 else 0)
  File "/workspace/scratch/33ed39a77941/adventure-legends-underwater/tests/magma_journey.py", line 344, in cadence
    self.check(all(r['delta']==1 and r['flip'] and r['cycles']<280896 for r in trace),name+' updates and presents once every native frame')
  File "/workspace/scratch/33ed39a77941/adventure-legends-underwater/tests/region_journey.py", line 108, in check
    if not yes:raise AssertionError((label,self.status()))
               ^^^^^^^^^^^^^^^^^^^^^^^^^^^^^^^^^^^^^^^^^^^
AssertionError: ('diagnostic-real-cast updates and presents once every native frame', {'game_state': 1, 'room': 46, 'px': 175, 'py': 182, 'hp': 7, 'chapter_flags': 15, 'camera_x': 55, 'camera_y': 102, 'save_failed': 0, 'checkpoint_spawn': 2, 'spirit': 30, 'summoned': 1, 'ability_cd': 2, 'roll_cd': 0})
