00-magma-forward-migration {'game_state': 1, 'room': 38, 'px': 112, 'py': 264, 'hp': 7, 'chapter_flags': 15, 'camera_x': 0, 'camera_y': 160, 'save_failed': 0, 'checkpoint_spawn': 3, 'spirit': 26, 'summoned': 0, 'ability_cd': 0, 'roll_cd': 0}
01-nacreway-first-arrival {'game_state': 1, 'room': 46, 'px': 240, 'py': 288, 'hp': 7, 'chapter_flags': 15, 'camera_x': 120, 'camera_y': 160, 'save_failed': 0, 'checkpoint_spawn': 0, 'spirit': 26, 'summoned': 0, 'ability_cd': 0, 'roll_cd': 0}
02-nacreway-clean-native {'game_state': 1, 'room': 46, 'px': 240, 'py': 288, 'hp': 7, 'chapter_flags': 15, 'camera_x': 120, 'camera_y': 160, 'save_failed': 0, 'checkpoint_spawn': 0, 'spirit': 26, 'summoned': 0, 'ability_cd': 0, 'roll_cd': 0}
03-two-teaching-companions {'game_state': 1, 'room': 46, 'px': 340, 'py': 86, 'hp': 7, 'chapter_flags': 15, 'camera_x': 220, 'camera_y': 6, 'save_failed': 0, 'checkpoint_spawn': 3, 'spirit': 26, 'summoned': 0, 'ability_cd': 0, 'roll_cd': 0}
04-vestibule-solved {'game_state': 1, 'room': 50, 'px': 122, 'py': 116, 'hp': 6, 'chapter_flags': 15, 'camera_x': 0, 'camera_y': 0, 'save_failed': 0, 'checkpoint_spawn': 0, 'spirit': 31, 'summoned': 1, 'ability_cd': 0, 'roll_cd': 0}
05-stacks-solved {'game_state': 1, 'room': 51, 'px': 240, 'py': 94, 'hp': 6, 'chapter_flags': 15, 'camera_x': 120, 'camera_y': 14, 'save_failed': 0, 'checkpoint_spawn': 0, 'spirit': 31, 'summoned': 1, 'ability_cd': 0, 'roll_cd': 0}
06-listening-solved {'game_state': 1, 'room': 52, 'px': 120, 'py': 125, 'hp': 6, 'chapter_flags': 15, 'camera_x': 0, 'camera_y': 0, 'save_failed': 0, 'checkpoint_spawn': 0, 'spirit': 30, 'summoned': 1, 'ability_cd': 0, 'roll_cd': 0}
07-guardian-warning {'game_state': 1, 'room': 53, 'px': 121, 'py': 126, 'hp': 6, 'chapter_flags': 15, 'camera_x': 0, 'camera_y': 0, 'save_failed': 0, 'checkpoint_spawn': 0, 'spirit': 31, 'summoned': 1, 'ability_cd': 0, 'roll_cd': 0}
08-guardian-settled {'game_state': 1, 'room': 53, 'px': 121, 'py': 68, 'hp': 6, 'chapter_flags': 15, 'camera_x': 0, 'camera_y': 0, 'save_failed': 0, 'checkpoint_spawn': 0, 'spirit': 31, 'summoned': 1, 'ability_cd': 0, 'roll_cd': 0}
09-main-cleared-town {'game_state': 1, 'room': 46, 'px': 80, 'py': 269, 'hp': 7, 'chapter_flags': 15, 'camera_x': 0, 'camera_y': 160, 'save_failed': 0, 'checkpoint_spawn': 2, 'spirit': 31, 'summoned': 1, 'ability_cd': 0, 'roll_cd': 0}
10-all-eight-families-and-stories {'game_state': 1, 'room': 46, 'px': 81, 'py': 269, 'hp': 7, 'chapter_flags': 15, 'camera_x': 0, 'camera_y': 160, 'save_failed': 0, 'checkpoint_spawn': 2, 'spirit': 30, 'summoned': 1, 'ability_cd': 0, 'roll_cd': 0}
trial-00-start {'game_state': 1, 'room': 50, 'px': 48, 'py': 126, 'hp': 6, 'chapter_flags': 15, 'camera_x': 0, 'camera_y': 0, 'save_failed': 0, 'checkpoint_spawn': 0, 'spirit': 30, 'summoned': 1, 'ability_cd': 0, 'roll_cd': 0}
trial-00-complete {'game_state': 1, 'room': 50, 'px': 165, 'py': 81, 'hp': 6, 'chapter_flags': 15, 'camera_x': 0, 'camera_y': 0, 'save_failed': 0, 'checkpoint_spawn': 0, 'spirit': 30, 'summoned': 1, 'ability_cd': 64, 'roll_cd': 0}
evolved-50 {'game_state': 1, 'room': 46, 'px': 80, 'py': 267, 'hp': 7, 'chapter_flags': 15, 'camera_x': 0, 'camera_y': 160, 'save_failed': 0, 'checkpoint_spawn': 2, 'spirit': 30, 'summoned': 1, 'ability_cd': 0, 'roll_cd': 0}
repeated-base-49 {'game_state': 1, 'room': 46, 'px': 64, 'py': 115, 'hp': 7, 'chapter_flags': 15, 'camera_x': 0, 'camera_y': 35, 'save_failed': 0, 'checkpoint_spawn': 2, 'spirit': 30, 'summoned': 1, 'ability_cd': 0, 'roll_cd': 0}
trial-01-start {'game_state': 1, 'room': 52, 'px': 189, 'py': 124, 'hp': 7, 'chapter_flags': 15, 'camera_x': 0, 'camera_y': 0, 'save_failed': 0, 'checkpoint_spawn': 2, 'spirit': 30, 'summoned': 1, 'ability_cd': 0, 'roll_cd': 0}
trial-01-complete {'game_state': 1, 'room': 52, 'px': 167, 'py': 79, 'hp': 7, 'chapter_flags': 15, 'camera_x': 0, 'camera_y': 0, 'save_failed': 0, 'checkpoint_spawn': 2, 'spirit': 30, 'summoned': 1, 'ability_cd': 64, 'roll_cd': 0}
evolved-51 {'game_state': 1, 'room': 46, 'px': 80, 'py': 269, 'hp': 7, 'chapter_flags': 15, 'camera_x': 0, 'camera_y': 160, 'save_failed': 0, 'checkpoint_spawn': 2, 'spirit': 30, 'summoned': 1, 'ability_cd': 0, 'roll_cd': 0}
trial-02-start {'game_state': 1, 'room': 51, 'px': 77, 'py': 253, 'hp': 6, 'chapter_flags': 15, 'camera_x': 0, 'camera_y': 160, 'save_failed': 0, 'checkpoint_spawn': 2, 'spirit': 31, 'summoned': 1, 'ability_cd': 0, 'roll_cd': 0}
trial-02-complete {'game_state': 1, 'room': 51, 'px': 289, 'py': 162, 'hp': 6, 'chapter_flags': 15, 'camera_x': 169, 'camera_y': 82, 'save_failed': 0, 'checkpoint_spawn': 2, 'spirit': 31, 'summoned': 1, 'ability_cd': 74, 'roll_cd': 0}
evolved-53 {'game_state': 1, 'room': 46, 'px': 80, 'py': 269, 'hp': 7, 'chapter_flags': 15, 'camera_x': 0, 'camera_y': 160, 'save_failed': 0, 'checkpoint_spawn': 2, 'spirit': 31, 'summoned': 1, 'ability_cd': 0, 'roll_cd': 0}
repeated-base-52 {'game_state': 1, 'room': 46, 'px': 417, 'py': 122, 'hp': 7, 'chapter_flags': 15, 'camera_x': 240, 'camera_y': 42, 'save_failed': 0, 'checkpoint_spawn': 2, 'spirit': 31, 'summoned': 1, 'ability_cd': 0, 'roll_cd': 0}
trial-03-start {'game_state': 1, 'room': 49, 'px': 191, 'py': 126, 'hp': 7, 'chapter_flags': 15, 'camera_x': 0, 'camera_y': 0, 'save_failed': 0, 'checkpoint_spawn': 0, 'spirit': 31, 'summoned': 1, 'ability_cd': 0, 'roll_cd': 0}
trial-03-complete {'game_state': 1, 'room': 49, 'px': 182, 'py': 107, 'hp': 7, 'chapter_flags': 15, 'camera_x': 0, 'camera_y': 0, 'save_failed': 0, 'checkpoint_spawn': 0, 'spirit': 31, 'summoned': 1, 'ability_cd': 0, 'roll_cd': 0}
evolved-54 {'game_state': 1, 'room': 46, 'px': 80, 'py': 269, 'hp': 7, 'chapter_flags': 15, 'camera_x': 0, 'camera_y': 160, 'save_failed': 0, 'checkpoint_spawn': 2, 'spirit': 31, 'summoned': 1, 'ability_cd': 0, 'roll_cd': 0}
trial-04-start {'game_state': 1, 'room': 48, 'px': 82, 'py': 255, 'hp': 7, 'chapter_flags': 15, 'camera_x': 0, 'camera_y': 160, 'save_failed': 0, 'checkpoint_spawn': 0, 'spirit': 32, 'summoned': 1, 'ability_cd': 0, 'roll_cd': 0}
trial-04-complete {'game_state': 1, 'room': 48, 'px': 243, 'py': 149, 'hp': 7, 'chapter_flags': 15, 'camera_x': 123, 'camera_y': 69, 'save_failed': 0, 'checkpoint_spawn': 0, 'spirit': 32, 'summoned': 1, 'ability_cd': 0, 'roll_cd': 0}
evolved-56 {'game_state': 1, 'room': 46, 'px': 80, 'py': 269, 'hp': 7, 'chapter_flags': 15, 'camera_x': 0, 'camera_y': 160, 'save_failed': 0, 'checkpoint_spawn': 2, 'spirit': 32, 'summoned': 1, 'ability_cd': 0, 'roll_cd': 0}
repeated-base-55 {'game_state': 1, 'room': 48, 'px': 370, 'py': 269, 'hp': 7, 'chapter_flags': 15, 'camera_x': 240, 'camera_y': 160, 'save_failed': 0, 'checkpoint_spawn': 0, 'spirit': 32, 'summoned': 1, 'ability_cd': 0, 'roll_cd': 0}
trial-05-start {'game_state': 1, 'room': 48, 'px': 400, 'py': 255, 'hp': 6, 'chapter_flags': 15, 'camera_x': 240, 'camera_y': 160, 'save_failed': 0, 'checkpoint_spawn': 0, 'spirit': 32, 'summoned': 1, 'ability_cd': 0, 'roll_cd': 0}
trial-05-complete {'game_state': 1, 'room': 48, 'px': 243, 'py': 145, 'hp': 6, 'chapter_flags': 15, 'camera_x': 123, 'camera_y': 65, 'save_failed': 0, 'checkpoint_spawn': 0, 'spirit': 32, 'summoned': 1, 'ability_cd': 75, 'roll_cd': 0}
evolved-57 {'game_state': 1, 'room': 46, 'px': 80, 'py': 269, 'hp': 7, 'chapter_flags': 15, 'camera_x': 0, 'camera_y': 160, 'save_failed': 0, 'checkpoint_spawn': 2, 'spirit': 32, 'summoned': 1, 'ability_cd': 0, 'roll_cd': 0}
trial-06-start {'game_state': 1, 'room': 50, 'px': 48, 'py': 126, 'hp': 6, 'chapter_flags': 15, 'camera_x': 0, 'camera_y': 0, 'save_failed': 0, 'checkpoint_spawn': 0, 'spirit': 33, 'summoned': 1, 'ability_cd': 0, 'roll_cd': 0}
trial-06-complete {'game_state': 1, 'room': 50, 'px': 117, 'py': 66, 'hp': 6, 'chapter_flags': 15, 'camera_x': 0, 'camera_y': 0, 'save_failed': 0, 'checkpoint_spawn': 0, 'spirit': 33, 'summoned': 1, 'ability_cd': 75, 'roll_cd': 0}
evolved-59 {'game_state': 1, 'room': 46, 'px': 80, 'py': 267, 'hp': 7, 'chapter_flags': 15, 'camera_x': 0, 'camera_y': 160, 'save_failed': 0, 'checkpoint_spawn': 2, 'spirit': 33, 'summoned': 1, 'ability_cd': 0, 'roll_cd': 0}
repeated-base-58 {'game_state': 1, 'room': 47, 'px': 415, 'py': 278, 'hp': 7, 'chapter_flags': 15, 'camera_x': 240, 'camera_y': 160, 'save_failed': 0, 'checkpoint_spawn': 0, 'spirit': 33, 'summoned': 1, 'ability_cd': 0, 'roll_cd': 0}
trial-07-start {'game_state': 1, 'room': 51, 'px': 399, 'py': 253, 'hp': 6, 'chapter_flags': 15, 'camera_x': 240, 'camera_y': 160, 'save_failed': 0, 'checkpoint_spawn': 2, 'spirit': 33, 'summoned': 1, 'ability_cd': 0, 'roll_cd': 0}
trial-07-complete {'game_state': 1, 'room': 51, 'px': 242, 'py': 146, 'hp': 6, 'chapter_flags': 15, 'camera_x': 122, 'camera_y': 66, 'save_failed': 0, 'checkpoint_spawn': 2, 'spirit': 33, 'summoned': 1, 'ability_cd': 75, 'roll_cd': 0}
evolved-60 {'game_state': 1, 'room': 46, 'px': 80, 'py': 269, 'hp': 7, 'chapter_flags': 15, 'camera_x': 0, 'camera_y': 160, 'save_failed': 0, 'checkpoint_spawn': 2, 'spirit': 33, 'summoned': 1, 'ability_cd': 0, 'roll_cd': 0}
trial-08-start {'game_state': 1, 'room': 49, 'px': 48, 'py': 126, 'hp': 7, 'chapter_flags': 15, 'camera_x': 0, 'camera_y': 0, 'save_failed': 0, 'checkpoint_spawn': 0, 'spirit': 34, 'summoned': 1, 'ability_cd': 0, 'roll_cd': 0}
trial-08-complete {'game_state': 1, 'room': 49, 'px': 167, 'py': 73, 'hp': 7, 'chapter_flags': 15, 'camera_x': 0, 'camera_y': 0, 'save_failed': 0, 'checkpoint_spawn': 0, 'spirit': 34, 'summoned': 1, 'ability_cd': 0, 'roll_cd': 0}
evolved-62 {'game_state': 1, 'room': 46, 'px': 80, 'py': 269, 'hp': 7, 'chapter_flags': 15, 'camera_x': 0, 'camera_y': 160, 'save_failed': 0, 'checkpoint_spawn': 2, 'spirit': 34, 'summoned': 1, 'ability_cd': 0, 'roll_cd': 0}
repeated-base-61 {'game_state': 1, 'room': 49, 'px': 207, 'py': 110, 'hp': 7, 'chapter_flags': 15, 'camera_x': 0, 'camera_y': 0, 'save_failed': 0, 'checkpoint_spawn': 0, 'spirit': 34, 'summoned': 1, 'ability_cd': 0, 'roll_cd': 0}
trial-09-start {'game_state': 1, 'room': 48, 'px': 400, 'py': 255, 'hp': 6, 'chapter_flags': 15, 'camera_x': 240, 'camera_y': 160, 'save_failed': 0, 'checkpoint_spawn': 0, 'spirit': 34, 'summoned': 1, 'ability_cd': 0, 'roll_cd': 0}
trial-09-complete {'game_state': 1, 'room': 48, 'px': 275, 'py': 183, 'hp': 6, 'chapter_flags': 15, 'camera_x': 154, 'camera_y': 102, 'save_failed': 0, 'checkpoint_spawn': 0, 'spirit': 34, 'summoned': 1, 'ability_cd': 75, 'roll_cd': 0}
evolved-63 {'game_state': 1, 'room': 46, 'px': 80, 'py': 269, 'hp': 7, 'chapter_flags': 15, 'camera_x': 0, 'camera_y': 160, 'save_failed': 0, 'checkpoint_spawn': 2, 'spirit': 34, 'summoned': 1, 'ability_cd': 0, 'roll_cd': 0}
trial-10-start {'game_state': 1, 'room': 48, 'px': 82, 'py': 255, 'hp': 7, 'chapter_flags': 15, 'camera_x': 0, 'camera_y': 160, 'save_failed': 0, 'checkpoint_spawn': 0, 'spirit': 35, 'summoned': 1, 'ability_cd': 0, 'roll_cd': 0}
trial-10-complete {'game_state': 1, 'room': 48, 'px': 238, 'py': 150, 'hp': 7, 'chapter_flags': 15, 'camera_x': 117, 'camera_y': 70, 'save_failed': 0, 'checkpoint_spawn': 0, 'spirit': 35, 'summoned': 1, 'ability_cd': 0, 'roll_cd': 0}
evolved-65 {'game_state': 1, 'room': 46, 'px': 80, 'py': 269, 'hp': 7, 'chapter_flags': 15, 'camera_x': 0, 'camera_y': 160, 'save_failed': 0, 'checkpoint_spawn': 2, 'spirit': 35, 'summoned': 1, 'ability_cd': 0, 'roll_cd': 0}
repeated-base-64 {'game_state': 1, 'room': 48, 'px': 335, 'py': 91, 'hp': 7, 'chapter_flags': 15, 'camera_x': 214, 'camera_y': 11, 'save_failed': 0, 'checkpoint_spawn': 0, 'spirit': 35, 'summoned': 1, 'ability_cd': 0, 'roll_cd': 0}
trial-11-start {'game_state': 1, 'room': 51, 'px': 399, 'py': 253, 'hp': 6, 'chapter_flags': 15, 'camera_x': 240, 'camera_y': 160, 'save_failed': 0, 'checkpoint_spawn': 2, 'spirit': 35, 'summoned': 1, 'ability_cd': 0, 'roll_cd': 0}
trial-11-complete {'game_state': 1, 'room': 51, 'px': 287, 'py': 152, 'hp': 6, 'chapter_flags': 15, 'camera_x': 166, 'camera_y': 72, 'save_failed': 0, 'checkpoint_spawn': 2, 'spirit': 35, 'summoned': 1, 'ability_cd': 75, 'roll_cd': 0}
evolved-66 {'game_state': 1, 'room': 46, 'px': 80, 'py': 269, 'hp': 7, 'chapter_flags': 15, 'camera_x': 0, 'camera_y': 160, 'save_failed': 0, 'checkpoint_spawn': 2, 'spirit': 35, 'summoned': 1, 'ability_cd': 0, 'roll_cd': 0}
trial-12-start {'game_state': 1, 'room': 51, 'px': 77, 'py': 253, 'hp': 6, 'chapter_flags': 15, 'camera_x': 0, 'camera_y': 160, 'save_failed': 0, 'checkpoint_spawn': 2, 'spirit': 36, 'summoned': 1, 'ability_cd': 0, 'roll_cd': 0}
trial-12-complete {'game_state': 1, 'room': 51, 'px': 287, 'py': 143, 'hp': 6, 'chapter_flags': 15, 'camera_x': 166, 'camera_y': 63, 'save_failed': 0, 'checkpoint_spawn': 2, 'spirit': 36, 'summoned': 1, 'ability_cd': 74, 'roll_cd': 0}
evolved-68 {'game_state': 1, 'room': 46, 'px': 80, 'py': 269, 'hp': 7, 'chapter_flags': 15, 'camera_x': 0, 'camera_y': 160, 'save_failed': 0, 'checkpoint_spawn': 2, 'spirit': 36, 'summoned': 1, 'ability_cd': 0, 'roll_cd': 0}
repeated-base-67 {'game_state': 1, 'room': 51, 'px': 400, 'py': 107, 'hp': 6, 'chapter_flags': 15, 'camera_x': 240, 'camera_y': 27, 'save_failed': 0, 'checkpoint_spawn': 2, 'spirit': 36, 'summoned': 1, 'ability_cd': 0, 'roll_cd': 0}
trial-13-start {'game_state': 1, 'room': 52, 'px': 189, 'py': 124, 'hp': 7, 'chapter_flags': 15, 'camera_x': 0, 'camera_y': 0, 'save_failed': 0, 'checkpoint_spawn': 2, 'spirit': 36, 'summoned': 1, 'ability_cd': 0, 'roll_cd': 0}
trial-13-complete {'game_state': 1, 'room': 52, 'px': 120, 'py': 88, 'hp': 7, 'chapter_flags': 15, 'camera_x': 0, 'camera_y': 0, 'save_failed': 0, 'checkpoint_spawn': 2, 'spirit': 36, 'summoned': 1, 'ability_cd': 0, 'roll_cd': 0}
evolved-69 {'game_state': 1, 'room': 46, 'px': 80, 'py': 269, 'hp': 7, 'chapter_flags': 15, 'camera_x': 0, 'camera_y': 160, 'save_failed': 0, 'checkpoint_spawn': 2, 'spirit': 36, 'summoned': 1, 'ability_cd': 0, 'roll_cd': 0}
trial-14-start {'game_state': 1, 'room': 49, 'px': 48, 'py': 126, 'hp': 7, 'chapter_flags': 15, 'camera_x': 0, 'camera_y': 0, 'save_failed': 0, 'checkpoint_spawn': 0, 'spirit': 37, 'summoned': 1, 'ability_cd': 0, 'roll_cd': 0}
trial-14-complete {'game_state': 1, 'room': 49, 'px': 175, 'py': 68, 'hp': 7, 'chapter_flags': 15, 'camera_x': 0, 'camera_y': 0, 'save_failed': 0, 'checkpoint_spawn': 0, 'spirit': 37, 'summoned': 1, 'ability_cd': 74, 'roll_cd': 0}
evolved-71 {'game_state': 1, 'room': 46, 'px': 80, 'py': 269, 'hp': 7, 'chapter_flags': 15, 'camera_x': 0, 'camera_y': 160, 'save_failed': 0, 'checkpoint_spawn': 2, 'spirit': 37, 'summoned': 1, 'ability_cd': 0, 'roll_cd': 0}
repeated-base-70 {'game_state': 1, 'room': 49, 'px': 67, 'py': 101, 'hp': 7, 'chapter_flags': 15, 'camera_x': 0, 'camera_y': 0, 'save_failed': 0, 'checkpoint_spawn': 0, 'spirit': 37, 'summoned': 1, 'ability_cd': 0, 'roll_cd': 0}
trial-15-start {'game_state': 1, 'room': 52, 'px': 189, 'py': 124, 'hp': 7, 'chapter_flags': 15, 'camera_x': 0, 'camera_y': 0, 'save_failed': 0, 'checkpoint_spawn': 2, 'spirit': 37, 'summoned': 1, 'ability_cd': 0, 'roll_cd': 0}
trial-15-complete {'game_state': 1, 'room': 52, 'px': 132, 'py': 122, 'hp': 6, 'chapter_flags': 15, 'camera_x': 0, 'camera_y': 0, 'save_failed': 0, 'checkpoint_spawn': 2, 'spirit': 37, 'summoned': 1, 'ability_cd': 74, 'roll_cd': 0}
evolved-72 {'game_state': 1, 'room': 46, 'px': 80, 'py': 269, 'hp': 7, 'chapter_flags': 15, 'camera_x': 0, 'camera_y': 160, 'save_failed': 0, 'checkpoint_spawn': 2, 'spirit': 37, 'summoned': 1, 'ability_cd': 0, 'roll_cd': 0}
11-all89-earned-town {'game_state': 1, 'room': 46, 'px': 80, 'py': 267, 'hp': 7, 'chapter_flags': 15, 'camera_x': 0, 'camera_y': 160, 'save_failed': 0, 'checkpoint_spawn': 2, 'spirit': 37, 'summoned': 1, 'ability_cd': 0, 'roll_cd': 0}
