{
  "candidate_rom_sha256": "df3733446cda3d41c2e78da134b25cd446846d6283e4ac5dc47b3fcaa3f98607",
  "candidate_elf_sha256": "1fc2082a8cdc7cb56ca8e8ded59a7a322a4beacbb0adebad47d5169e9ea5dbe3",
  "candidate_map_sha256": "695cd262bd0ad3f94133c718bca9cf1976a845ebf5ef709e0e97c78cff5b55e5",
  "rom_bytes": 9777176,
  "rom_hard_limit_bytes": 33554432,
  "rom_hard_limit_remaining_bytes": 23777256,
  "ewram_data_plus_bss_bytes": 49856,
  "ewram_remaining_bytes": 212288,
  "iwram_code_bytes": 28432,
  "gap_to_reserved_system_stack_bytes": 240,
  "system_stack_reserved_bytes": 3840,
  "hard_limit_assertions": {
    "rom_within_32MiB_hardware_window": true,
    "iwram_code_ends_at_or_before_reserved_stack_floor": true,
    "ewram_data_and_bss_within_256KiB": true,
    "system_stack_reserve_is_3840_bytes": true
  },
  "prior_magma_rom_bytes": 7495920,
  "prior_magma_rom_sha256": "90ba47f30a0c94c28f073d26cc31ac5f5c736eb4d6e704d090892d2776f1ffb2",
  "chapter_delta_bytes": 2281256,
  "original_chapter_target_bytes": 2097152,
  "original_chapter_target_met": false,
  "original_target_exceeded_bytes": 184104,
  "proposed_adjusted_chapter_budget_bytes": 2621440,
  "proposed_adjusted_budget_would_fit": true,
  "proposed_adjusted_budget_headroom_bytes": 340184,
  "budget_status": "Original 2MiB chapter target exceeded. 2.5MiB is an explicit proposed adjustment, not a retroactive original-budget pass.",
  "adjustment_rationale": "Four 480x320 maps plus four 240x160 maps, collision masks and localized room art, 196632 bytes of creature art, Japanese UI glyph masks, and chapter gameplay code. No map reduction or quality loss was silently substituted.",
  "stack_usage_function_records": 919,
  "non_static_stack_records": [],
  "static_stack_limitation": "Individual GCC frames do not sum callees, capture unseen assembly/library paths, or prove the maximum call-chain depth."
}
